// Jest Snapshot v1, https://goo.gl/fbAQLP

exports[`ConsentHistoryDataStack creates the expected CloudFormation template from CDK 1`] = `
{
  "Parameters": {
    "BootstrapVersion": {
      "Default": "/cdk-bootstrap/hnb659fds/version",
      "Description": "Version of the CDK Bootstrap resources in this environment, automatically retrieved from SSM Parameter Store. [cdk:skip]",
      "Type": "AWS::SSM::Parameter::Value<String>",
    },
  },
  "Resources": {
    "ServiceUserConsentHistoryDynamoDBTable552A6381": {
      "DeletionPolicy": "Retain",
      "Properties": {
        "AttributeDefinitions": [
          {
            "AttributeName": "id",
            "AttributeType": "S",
          },
          {
            "AttributeName": "eventId",
            "AttributeType": "S",
          },
          {
            "AttributeName": "serviceUserId",
            "AttributeType": "S",
          },
        ],
        "BillingMode": "PAY_PER_REQUEST",
        "DeletionProtectionEnabled": true,
        "GlobalSecondaryIndexes": [
          {
            "IndexName": "ConsentHistoryByServiceUser",
            "KeySchema": [
              {
                "AttributeName": "serviceUserId",
                "KeyType": "HASH",
              },
              {
                "AttributeName": "eventId",
                "KeyType": "RANGE",
              },
            ],
            "Projection": {
              "ProjectionType": "ALL",
            },
          },
        ],
        "KeySchema": [
          {
            "AttributeName": "id",
            "KeyType": "HASH",
          },
          {
            "AttributeName": "eventId",
            "KeyType": "RANGE",
          },
        ],
        "PointInTimeRecoverySpecification": {
          "PointInTimeRecoveryEnabled": true,
        },
        "SSESpecification": {
          "SSEEnabled": true,
        },
        "TableName": "ConsentHistory",
      },
      "Type": "AWS::DynamoDB::Table",
      "UpdateReplacePolicy": "Retain",
    },
  },
  "Rules": {
    "CheckBootstrapVersion": {
      "Assertions": [
        {
          "Assert": {
            "Fn::Not": [
              {
                "Fn::Contains": [
                  [
                    "1",
                    "2",
                    "3",
                    "4",
                    "5",
                  ],
                  {
                    "Ref": "BootstrapVersion",
                  },
                ],
              },
            ],
          },
          "AssertDescription": "CDK bootstrap stack version 6 required. Please run 'cdk bootstrap' with a recent version of the CDK CLI.",
        },
      ],
    },
  },
}
`;
